#-----------------------------------------------------------
# Vivado v2022.1 (64-bit)
# SW Build 3526262 on Mon Apr 18 15:48:16 MDT 2022
# IP Build 3524634 on Mon Apr 18 20:55:01 MDT 2022
# Start of session at: Tue Nov 28 23:50:35 2023
# Process ID: 25624
# Current directory: C:/Users/Turog/OneDrive/Documents/GitHub/Automated_parameter_CA/TEMPLATE_RTL_INSERT/TEMPLATE_RTL_INSERT.runs/impl_1
# Command line: vivado.exe -log top_module.vdi -applog -product Vivado -messageDb vivado.pb -mode batch -source top_module.tcl -notrace
# Log file: C:/Users/Turog/OneDrive/Documents/GitHub/Automated_parameter_CA/TEMPLATE_RTL_INSERT/TEMPLATE_RTL_INSERT.runs/impl_1/top_module.vdi
# Journal file: C:/Users/Turog/OneDrive/Documents/GitHub/Automated_parameter_CA/TEMPLATE_RTL_INSERT/TEMPLATE_RTL_INSERT.runs/impl_1\vivado.jou
# Running On: Juwan, OS: Windows, CPU Frequency: 3294 MHz, CPU Physical cores: 16, Host memory: 29734 MB
#-----------------------------------------------------------
source top_module.tcl -notrace
